ARM Linker, 5.03 [Build 76] [MDK-ARM Lite]

==============================================================================

Section Cross References

    system_stm32f4xx.o(.text) refers to system_stm32f4xx.o(.data) for .data
    aboutgui.o(.text) refers to stn.o(.text) for LCD_Clear
    aboutgui.o(.text) refers to main.o(.text) for Delay
    aboutgui.o(.text) refers to key.o(.text) for GetKey
    aboutgui.o(.ARM.exidx) refers to aboutgui.o(.text) for .text
    abs.o(.text) refers to run.o(.text) for stop(char*)
    abs.o(.text) refers to stack.o(.text) for push(U*)
    abs.o(.text) refers to conj.o(.text) for conjugate()
    abs.o(.text) refers to inner.o(.text) for inner()
    abs.o(.text) refers to bignum.o(.text) for push_rational(int, int)
    abs.o(.text) refers to power.o(.text) for power()
    abs.o(.text) refers to simplify.o(.text) for simplify()
    abs.o(.text) refers to eval.o(.text) for eval()
    abs.o(.text) refers to is.o(.text) for iscomplexnumber(U*)
    abs.o(.text) refers to multiply.o(.text) for multiply()
    abs.o(.text) refers to symbol.o(.text) for push_symbol(int)
    abs.o(.text) refers to list.o(.text) for list(int)
    abs.o(.text) refers to selftest.o(.text) for test(char*, char**, int)
    abs.o(.text) refers to data.o(.data) for p1
    abs.o(.text) refers to data.o(.bss) for symtab
    abs.o(.text) refers to stack.o(.data) for tos
    abs.o(.text) refers to abs.o(.data) for .data
    abs.o(.ARM.exidx) refers to abs.o(.text) for .text
    abs.o(.data) refers to abs.o(.conststring) for .conststring
    add.o(.text) refers to run.o(.text) for check_esc_flag()
    add.o(.text) refers to stack.o(.text) for push(U*)
    add.o(.text) refers to tensor.o(.text) for tensor_plus_tensor()
    add.o(.text) refers to bignum.o(.text) for add_numbers()
    add.o(.text) refers to is.o(.text) for iszero(U*)
    add.o(.text) refers to misce.o(.text) for equal(U*, U*)
    add.o(.text) refers to cons.o(.text) for cons()
    add.o(.text) refers to multiply.o(.text) for multiply()
    add.o(.text) refers to data.o(.bss) for symtab
    add.o(.text) refers to data.o(.data) for p3
    add.o(.text) refers to data.o(.data) for p4
    add.o(.text) refers to data.o(.data) for p1
    add.o(.text) refers to data.o(.data) for one
    add.o(.text) refers to data.o(.data) for p2
    add.o(.text) refers to add.o(.data) for .data
    add.o(.text) refers to qsort.o(.text) for qsort
    add.o(.text) refers to list.o(.text) for list(int)
    add.o(.text) refers to symbol.o(.text) for push_symbol(int)
    add.o(.text) refers to eval.o(.text) for eval()
    add.o(.text) refers to stack.o(.data) for tos
    add.o(.text) refers to stack.o(.bss) for stack
    add.o(.ARM.exidx) refers to add.o(.text) for .text
    adj.o(.text) refers to stack.o(.text) for save()
    adj.o(.text) refers to run.o(.text) for stop(char*)
    adj.o(.text) refers to alloc.o(.text) for alloc_tensor(int)
    adj.o(.text) refers to cofactor.o(.text) for cofactor(U*, int, int, int)
    adj.o(.text) refers to eval.o(.text) for eval()
    adj.o(.text) refers to selftest.o(.text) for test(char*, char**, int)
    adj.o(.text) refers to data.o(.data) for p1
    adj.o(.text) refers to data.o(.data) for p2
    adj.o(.text) refers to data.o(.bss) for symtab
    adj.o(.text) refers to adj.o(.data) for .data
    adj.o(.ARM.exidx) refers to adj.o(.text) for .text
    adj.o(.data) refers to adj.o(.conststring) for .conststring
    alloc.o(.text) refers to malloc.o(i.malloc) for malloc
    alloc.o(.text) refers to malloc.o(i.free) for free
    alloc.o(.text) refers to bignum.o(.text) for mfree(unsigned*)
    alloc.o(.text) refers to run.o(.text) for stop(char*)
    alloc.o(.text) refers to misce.o(.text) for out_of_memory()
    alloc.o(.text) refers to printfa.o(i.__0sprintf) for __2sprintf
    alloc.o(.text) refers to emain.o(.text) for printstr(char*)
    alloc.o(.text) refers to alloc.o(.data) for .data
    alloc.o(.text) refers to alloc.o(.bss) for .bss
    alloc.o(.text) refers to data.o(.data) for p0
    alloc.o(.text) refers to data.o(.data) for p1
    alloc.o(.text) refers to data.o(.data) for p2
    alloc.o(.text) refers to data.o(.data) for p3
    alloc.o(.text) refers to data.o(.data) for p4
    alloc.o(.text) refers to data.o(.data) for p5
    alloc.o(.text) refers to data.o(.data) for p6
    alloc.o(.text) refers to data.o(.data) for p7
    alloc.o(.text) refers to data.o(.data) for p8
    alloc.o(.text) refers to data.o(.data) for p9
    alloc.o(.text) refers to data.o(.data) for one
    alloc.o(.text) refers to data.o(.data) for zero
    alloc.o(.text) refers to data.o(.data) for imaginaryunit
    alloc.o(.text) refers to data.o(.bss) for binding
    alloc.o(.text) refers to data.o(.bss) for arglist
    alloc.o(.text) refers to stack.o(.bss) for stack
    alloc.o(.text) refers to stack.o(.data) for tos
    alloc.o(.ARM.exidx) refers to alloc.o(.text) for .text
    append.o(.text) refers to stack.o(.text) for save()
[...]
    SPI_I2S_DeInit                           0x0801dea5   Thumb Code    72  stm32f4xx_spi.o(.text)
    SPI_Init                                 0x0801deed   Thumb Code    56  stm32f4xx_spi.o(.text)
    I2S_Init                                 0x0801df25   Thumb Code   188  stm32f4xx_spi.o(.text)
    SPI_StructInit                           0x0801dfe1   Thumb Code    24  stm32f4xx_spi.o(.text)
    I2S_StructInit                           0x0801dff9   Thumb Code    18  stm32f4xx_spi.o(.text)
    SPI_Cmd                                  0x0801e00b   Thumb Code    20  stm32f4xx_spi.o(.text)
    I2S_Cmd                                  0x0801e01f   Thumb Code    20  stm32f4xx_spi.o(.text)
    SPI_DataSizeConfig                       0x0801e033   Thumb Code    16  stm32f4xx_spi.o(.text)
    SPI_BiDirectionalLineConfig              0x0801e043   Thumb Code    22  stm32f4xx_spi.o(.text)
    SPI_NSSInternalSoftwareConfig            0x0801e059   Thumb Code    24  stm32f4xx_spi.o(.text)
    SPI_SSOutputCmd                          0x0801e071   Thumb Code    20  stm32f4xx_spi.o(.text)
    SPI_TIModeCmd                            0x0801e085   Thumb Code    20  stm32f4xx_spi.o(.text)
    I2S_FullDuplexConfig                     0x0801e099   Thumb Code    58  stm32f4xx_spi.o(.text)
    SPI_I2S_ReceiveData                      0x0801e0d3   Thumb Code     4  stm32f4xx_spi.o(.text)
    SPI_I2S_SendData                         0x0801e0d7   Thumb Code     4  stm32f4xx_spi.o(.text)
    SPI_CalculateCRC                         0x0801e0db   Thumb Code    20  stm32f4xx_spi.o(.text)
    SPI_TransmitCRC                          0x0801e0ef   Thumb Code    10  stm32f4xx_spi.o(.text)
    SPI_GetCRC                               0x0801e0f9   Thumb Code    12  stm32f4xx_spi.o(.text)
    SPI_GetCRCPolynomial                     0x0801e105   Thumb Code     4  stm32f4xx_spi.o(.text)
    SPI_I2S_DMACmd                           0x0801e109   Thumb Code    16  stm32f4xx_spi.o(.text)
    SPI_I2S_ITConfig                         0x0801e119   Thumb Code    24  stm32f4xx_spi.o(.text)
    SPI_I2S_GetFlagStatus                    0x0801e131   Thumb Code    14  stm32f4xx_spi.o(.text)
    SPI_I2S_ClearFlag                        0x0801e13f   Thumb Code     6  stm32f4xx_spi.o(.text)
    SPI_I2S_GetITStatus                      0x0801e145   Thumb Code    44  stm32f4xx_spi.o(.text)
    SPI_I2S_ClearITPendingBit                0x0801e171   Thumb Code    14  stm32f4xx_spi.o(.text)
    SYSCFG_DeInit                            0x0801e195   Thumb Code    24  stm32f4xx_syscfg.o(.text)
    SYSCFG_MemoryRemapConfig                 0x0801e1ad   Thumb Code     6  stm32f4xx_syscfg.o(.text)
    SYSCFG_EXTILineConfig                    0x0801e1b3   Thumb Code    36  stm32f4xx_syscfg.o(.text)
    SYSCFG_ETH_MediaInterfaceConfig          0x0801e1d7   Thumb Code     6  stm32f4xx_syscfg.o(.text)
    SYSCFG_CompensationCellCmd               0x0801e1dd   Thumb Code     6  stm32f4xx_syscfg.o(.text)
    SYSCFG_GetCompensationCellStatus         0x0801e1e3   Thumb Code    16  stm32f4xx_syscfg.o(.text)
    TIM_DeInit                               0x0801e201   Thumb Code   284  stm32f4xx_tim.o(.text)
    TIM_TimeBaseInit                         0x0801e31d   Thumb Code    96  stm32f4xx_tim.o(.text)
    TIM_TimeBaseStructInit                   0x0801e37d   Thumb Code    18  stm32f4xx_tim.o(.text)
    TIM_PrescalerConfig                      0x0801e38f   Thumb Code     6  stm32f4xx_tim.o(.text)
    TIM_CounterModeConfig                    0x0801e395   Thumb Code    12  stm32f4xx_tim.o(.text)
    TIM_SetCounter                           0x0801e3a1   Thumb Code     4  stm32f4xx_tim.o(.text)
    TIM_SetAutoreload                        0x0801e3a5   Thumb Code     4  stm32f4xx_tim.o(.text)
    TIM_GetCounter                           0x0801e3a9   Thumb Code     4  stm32f4xx_tim.o(.text)
    TIM_GetPrescaler                         0x0801e3ad   Thumb Code     4  stm32f4xx_tim.o(.text)
    TIM_UpdateDisableConfig                  0x0801e3b1   Thumb Code    20  stm32f4xx_tim.o(.text)
    TIM_UpdateRequestConfig                  0x0801e3c5   Thumb Code    20  stm32f4xx_tim.o(.text)
    TIM_ARRPreloadConfig                     0x0801e3d9   Thumb Code    20  stm32f4xx_tim.o(.text)
    TIM_SelectOnePulseMode                   0x0801e3ed   Thumb Code    16  stm32f4xx_tim.o(.text)
    TIM_SetClockDivision                     0x0801e3fd   Thumb Code    16  stm32f4xx_tim.o(.text)
    TIM_Cmd                                  0x0801e40d   Thumb Code    20  stm32f4xx_tim.o(.text)
    TIM_OC1Init                              0x0801e421   Thumb Code    88  stm32f4xx_tim.o(.text)
    TIM_OC2Init                              0x0801e479   Thumb Code   120  stm32f4xx_tim.o(.text)
    TIM_OC3Init                              0x0801e4f1   Thumb Code   116  stm32f4xx_tim.o(.text)
    TIM_OC4Init                              0x0801e565   Thumb Code    88  stm32f4xx_tim.o(.text)
    TIM_OCStructInit                         0x0801e5bd   Thumb Code    20  stm32f4xx_tim.o(.text)
    TIM_SelectOCxM                           0x0801e5d1   Thumb Code   130  stm32f4xx_tim.o(.text)
    TIM_SetCompare1                          0x0801e653   Thumb Code     4  stm32f4xx_tim.o(.text)
    TIM_SetCompare2                          0x0801e657   Thumb Code     4  stm32f4xx_tim.o(.text)
    TIM_SetCompare3                          0x0801e65b   Thumb Code     4  stm32f4xx_tim.o(.text)
    TIM_SetCompare4                          0x0801e65f   Thumb Code     4  stm32f4xx_tim.o(.text)
    TIM_ForcedOC1Config                      0x0801e663   Thumb Code    12  stm32f4xx_tim.o(.text)
    TIM_ForcedOC2Config                      0x0801e66f   Thumb Code    20  stm32f4xx_tim.o(.text)
    TIM_ForcedOC3Config                      0x0801e683   Thumb Code    12  stm32f4xx_tim.o(.text)
    TIM_ForcedOC4Config                      0x0801e68f   Thumb Code    20  stm32f4xx_tim.o(.text)
    TIM_OC1PreloadConfig                     0x0801e6a3   Thumb Code    12  stm32f4xx_tim.o(.text)
    TIM_OC2PreloadConfig                     0x0801e6af   Thumb Code    20  stm32f4xx_tim.o(.text)
    TIM_OC3PreloadConfig                     0x0801e6c3   Thumb Code    12  stm32f4xx_tim.o(.text)
    TIM_OC4PreloadConfig                     0x0801e6cf   Thumb Code    20  stm32f4xx_tim.o(.text)
    TIM_OC1FastConfig                        0x0801e6e3   Thumb Code    12  stm32f4xx_tim.o(.text)
    TIM_OC2FastConfig                        0x0801e6ef   Thumb Code    20  stm32f4xx_tim.o(.text)
    TIM_OC3FastConfig                        0x0801e703   Thumb Code    12  stm32f4xx_tim.o(.text)
    TIM_OC4FastConfig                        0x0801e70f   Thumb Code    20  stm32f4xx_tim.o(.text)
    TIM_ClearOC1Ref                          0x0801e723   Thumb Code    12  stm32f4xx_tim.o(.text)
    TIM_ClearOC2Ref                          0x0801e72f   Thumb Code    20  stm32f4xx_tim.o(.text)
    TIM_ClearOC3Ref                          0x0801e743   Thumb Code    12  stm32f4xx_tim.o(.text)
    TIM_ClearOC4Ref                          0x0801e74f   Thumb Code    20  stm32f4xx_tim.o(.text)
    TIM_OC1PolarityConfig                    0x0801e763   Thumb Code    12  stm32f4xx_tim.o(.text)
    TIM_OC1NPolarityConfig                   0x0801e76f   Thumb Code    12  stm32f4xx_tim.o(.text)
    TIM_OC2PolarityConfig                    0x0801e77b   Thumb Code    20  stm32f4xx_tim.o(.text)
    TIM_OC2NPolarityConfig                   0x0801e78f   Thumb Code    20  stm32f4xx_tim.o(.text)
    TIM_OC3PolarityConfig                    0x0801e7a3   Thumb Code    20  stm32f4xx_tim.o(.text)
    TIM_OC3NPolarityConfig                   0x0801e7b7   Thumb Code    20  stm32f4xx_tim.o(.text)
    TIM_OC4PolarityConfig                    0x0801e7cb   Thumb Code    20  stm32f4xx_tim.o(.text)
    TIM_CCxCmd                               0x0801e7df   Thumb Code    22  stm32f4xx_tim.o(.text)
    TIM_CCxNCmd                              0x0801e7f5   Thumb Code    22  stm32f4xx_tim.o(.text)
    TIM_SetIC4Prescaler                      0x0801e80b   Thumb Code    24  stm32f4xx_tim.o(.text)
    TIM_SetIC3Prescaler                      0x0801e823   Thumb Code    16  stm32f4xx_tim.o(.text)
    TIM_SetIC2Prescaler                      0x0801e833   Thumb Code    24  stm32f4xx_tim.o(.text)
    TIM_SetIC1Prescaler                      0x0801e881   Thumb Code    16  stm32f4xx_tim.o(.text)
    TIM_ICInit                               0x0801e891   Thumb Code   164  stm32f4xx_tim.o(.text)
    TIM_ICStructInit                         0x0801e935   Thumb Code    16  stm32f4xx_tim.o(.text)
    TIM_PWMIConfig                           0x0801e945   Thumb Code   104  stm32f4xx_tim.o(.text)
    TIM_GetCapture1                          0x0801e9ad   Thumb Code     4  stm32f4xx_tim.o(.text)
    TIM_GetCapture2                          0x0801e9b1   Thumb Code     4  stm32f4xx_tim.o(.text)
    TIM_GetCapture3                          0x0801e9b5   Thumb Code     4  stm32f4xx_tim.o(.text)
    TIM_GetCapture4                          0x0801e9b9   Thumb Code     4  stm32f4xx_tim.o(.text)
    TIM_BDTRConfig                           0x0801e9bd   Thumb Code    34  stm32f4xx_tim.o(.text)
    TIM_BDTRStructInit                       0x0801e9df   Thumb Code    18  stm32f4xx_tim.o(.text)
    TIM_CtrlPWMOutputs                       0x0801e9f1   Thumb Code    22  stm32f4xx_tim.o(.text)
    TIM_SelectCOM                            0x0801ea07   Thumb Code    20  stm32f4xx_tim.o(.text)
    TIM_CCPreloadControl                     0x0801ea1b   Thumb Code    20  stm32f4xx_tim.o(.text)
    TIM_ITConfig                             0x0801ea2f   Thumb Code    16  stm32f4xx_tim.o(.text)
    TIM_GenerateEvent                        0x0801ea3f   Thumb Code     4  stm32f4xx_tim.o(.text)
    TIM_GetFlagStatus                        0x0801ea43   Thumb Code    14  stm32f4xx_tim.o(.text)
    TIM_ClearFlag                            0x0801ea51   Thumb Code     6  stm32f4xx_tim.o(.text)
    TIM_GetITStatus                          0x0801ea57   Thumb Code    24  stm32f4xx_tim.o(.text)
    TIM_ClearITPendingBit                    0x0801ea6f   Thumb Code     6  stm32f4xx_tim.o(.text)
    TIM_DMAConfig                            0x0801ea75   Thumb Code     8  stm32f4xx_tim.o(.text)
    TIM_DMACmd                               0x0801ea7d   Thumb Code    16  stm32f4xx_tim.o(.text)
    TIM_SelectCCDMA                          0x0801ea8d   Thumb Code    20  stm32f4xx_tim.o(.text)
    TIM_InternalClockConfig                  0x0801eaa1   Thumb Code    10  stm32f4xx_tim.o(.text)
    TIM_SelectInputTrigger                   0x0801eaab   Thumb Code    12  stm32f4xx_tim.o(.text)
    TIM_ITRxExternalClockConfig              0x0801eab7   Thumb Code    18  stm32f4xx_tim.o(.text)
    TIM_TIxExternalClockConfig               0x0801eac9   Thumb Code    46  stm32f4xx_tim.o(.text)
    TIM_ETRConfig                            0x0801eaf7   Thumb Code    24  stm32f4xx_tim.o(.text)
    TIM_ETRClockMode1Config                  0x0801eb0f   Thumb Code    18  stm32f4xx_tim.o(.text)
    TIM_ETRClockMode2Config                  0x0801eb21   Thumb Code    18  stm32f4xx_tim.o(.text)
    TIM_SelectOutputTrigger                  0x0801eb33   Thumb Code    16  stm32f4xx_tim.o(.text)
    TIM_SelectSlaveMode                      0x0801eb43   Thumb Code    16  stm32f4xx_tim.o(.text)
    TIM_SelectMasterSlaveMode                0x0801eb53   Thumb Code    16  stm32f4xx_tim.o(.text)
    TIM_EncoderInterfaceConfig               0x0801eb63   Thumb Code    50  stm32f4xx_tim.o(.text)
    TIM_SelectHallSensor                     0x0801eb95   Thumb Code    20  stm32f4xx_tim.o(.text)
    TIM_RemapConfig                          0x0801eba9   Thumb Code     6  stm32f4xx_tim.o(.text)
    USART_DeInit                             0x0801ebdd   Thumb Code   114  stm32f4xx_usart.o(.text)
    USART_Init                               0x0801ec4f   Thumb Code   174  stm32f4xx_usart.o(.text)
    USART_StructInit                         0x0801ecfd   Thumb Code    22  stm32f4xx_usart.o(.text)
    USART_ClockInit                          0x0801ed13   Thumb Code    28  stm32f4xx_usart.o(.text)
    USART_ClockStructInit                    0x0801ed2f   Thumb Code    12  stm32f4xx_usart.o(.text)
    USART_Cmd                                0x0801ed3b   Thumb Code    20  stm32f4xx_usart.o(.text)
    USART_SetPrescaler                       0x0801ed4f   Thumb Code    16  stm32f4xx_usart.o(.text)
    USART_OverSampling8Cmd                   0x0801ed5f   Thumb Code    20  stm32f4xx_usart.o(.text)
    USART_OneBitMethodCmd                    0x0801ed73   Thumb Code    20  stm32f4xx_usart.o(.text)
    USART_SendData                           0x0801ed87   Thumb Code     8  stm32f4xx_usart.o(.text)
    USART_ReceiveData                        0x0801ed8f   Thumb Code     8  stm32f4xx_usart.o(.text)
    USART_SetAddress                         0x0801ed97   Thumb Code    16  stm32f4xx_usart.o(.text)
    USART_ReceiverWakeUpCmd                  0x0801eda7   Thumb Code    20  stm32f4xx_usart.o(.text)
    USART_WakeUpConfig                       0x0801edbb   Thumb Code    16  stm32f4xx_usart.o(.text)
    USART_LINBreakDetectLengthConfig         0x0801edcb   Thumb Code    16  stm32f4xx_usart.o(.text)
    USART_LINCmd                             0x0801eddb   Thumb Code    20  stm32f4xx_usart.o(.text)
    USART_SendBreak                          0x0801edef   Thumb Code    10  stm32f4xx_usart.o(.text)
    USART_HalfDuplexCmd                      0x0801edf9   Thumb Code    20  stm32f4xx_usart.o(.text)
    USART_SetGuardTime                       0x0801ee0d   Thumb Code    16  stm32f4xx_usart.o(.text)
    USART_SmartCardCmd                       0x0801ee1d   Thumb Code    20  stm32f4xx_usart.o(.text)
    USART_SmartCardNACKCmd                   0x0801ee31   Thumb Code    20  stm32f4xx_usart.o(.text)
    USART_IrDAConfig                         0x0801ee45   Thumb Code    16  stm32f4xx_usart.o(.text)
    USART_IrDACmd                            0x0801ee55   Thumb Code    20  stm32f4xx_usart.o(.text)
    USART_DMACmd                             0x0801ee69   Thumb Code    16  stm32f4xx_usart.o(.text)
    USART_ITConfig                           0x0801ee79   Thumb Code    48  stm32f4xx_usart.o(.text)
    USART_GetFlagStatus                      0x0801eea9   Thumb Code    14  stm32f4xx_usart.o(.text)
    USART_ClearFlag                          0x0801eeb7   Thumb Code     6  stm32f4xx_usart.o(.text)
    USART_GetITStatus                        0x0801eebd   Thumb Code    62  stm32f4xx_usart.o(.text)
    USART_ClearITPendingBit                  0x0801eefb   Thumb Code    12  stm32f4xx_usart.o(.text)
    print                                    0x0801ef21   Thumb Code   114  g2048.o(.text)
    add                                      0x0801ef93   Thumb Code   138  g2048.o(.text)
    G2048_main                               0x0801f01d   Thumb Code   674  g2048.o(.text)
    KBD_Config                               0x0801f31d   Thumb Code   102  key.o(.text)
    KBD_EXTIConfig                           0x0801f383   Thumb Code    72  key.o(.text)
    KBD_TIMConfig                            0x0801f3cb   Thumb Code   114  key.o(.text)
    DelayUs                                  0x0801f43d   Thumb Code    16  key.o(.text)
    KBD_Scan                                 0x0801f44d   Thumb Code   174  key.o(.text)
    WaitForKey                               0x0801f4fb   Thumb Code    10  key.o(.text)
    GetKey                                   0x0801f505   Thumb Code    58  key.o(.text)
    WaitForCertainKey                        0x0801f53f   Thumb Code    18  key.o(.text)
    NVIC_Config                              0x0801f561   Thumb Code    32  main.o(.text)
    Delay                                    0x0801f581   Thumb Code    16  main.o(.text)
    TimingDelay_Decrement                    0x0801f591   Thumb Code    16  main.o(.text)
    About_main                               0x0801f5a1   Thumb Code    68  main.o(.text)
    Info_main                                0x0801f5e5   Thumb Code   124  main.o(.text)
    Contrast_main                            0x0801f661   Thumb Code   138  main.o(.text)
    Diag_main                                0x0801f6eb   Thumb Code   878  main.o(.text)
    UI_ShowDateTime                          0x0801fa59   Thumb Code   100  main.o(.text)
    SetTime_main                             0x0801fabd   Thumb Code   596  main.o(.text)
    Setup_main                               0x0801fd11   Thumb Code   150  main.o(.text)
    Mode_main                                0x0801fda7   Thumb Code    40  main.o(.text)
    main                                     0x0801fdcf   Thumb Code   408  main.o(.text)
    PCCon_DisableUSARTIRQ                    0x0801ff6d   Thumb Code    30  pccon.o(.text)
    PCCon_EnableUSARTIRQ                     0x0801ff8b   Thumb Code    32  pccon.o(.text)
    PCCon_EnableDMA                          0x0801ffab   Thumb Code   102  pccon.o(.text)
    PCCon_DisableDMA                         0x08020011   Thumb Code    26  pccon.o(.text)
    PCCon_RecData                            0x0802002b   Thumb Code    54  pccon.o(.text)
    PCCon_Start                              0x08020061   Thumb Code   202  pccon.o(.text)
    PM_Config                                0x0802013d   Thumb Code    48  powerman.o(.text)
    PM_SetCPUFreq                            0x0802016d   Thumb Code   198  powerman.o(.text)
    PM_AdcInit                               0x08020233   Thumb Code    84  powerman.o(.text)
    PM_AdcDeInit                             0x08020287   Thumb Code    28  powerman.o(.text)
    PM_GetVolt                               0x080202a3   Thumb Code   194  powerman.o(.text)
    PM_EnterStopMode                         0x08020365   Thumb Code     8  powerman.o(.text)
    PM_EnterStandbyMode                      0x0802036d   Thumb Code    62  powerman.o(.text)
    PM_TIMConfig                             0x080203ab   Thumb Code   112  powerman.o(.text)
    RTC_Config                               0x08020441   Thumb Code   202  rtc.o(.text)
    RTC_SetDateTime                          0x0802050b   Thumb Code   152  rtc.o(.text)
    SDIO_NVIC_Configuration                  0x080205a5   Thumb Code    40  sd_fs_app.o(.text)
    sd_fs_init                               0x080205cd   Thumb Code    18  sd_fs_app.o(.text)
    Sdfs_new                                 0x080205df   Thumb Code    80  sd_fs_app.o(.text)
    Sdfs_write                               0x0802062f   Thumb Code    78  sd_fs_app.o(.text)
    Sdfs_read                                0x0802067d   Thumb Code   126  sd_fs_app.o(.text)
    GetGBKCode_from_sd                       0x080206fb   Thumb Code    94  sd_fs_app.o(.text)
    NVIC_Configuration                       0x08020785   Thumb Code    56  sdcard.o(.text)
    SD_LowLevel_DeInit                       0x080207bd   Thumb Code   142  sdcard.o(.text)
    SD_LowLevel_Init                         0x0802084b   Thumb Code   156  sdcard.o(.text)
    SD_LowLevel_DMA_TxConfig                 0x080208e7   Thumb Code   128  sdcard.o(.text)
    SD_LowLevel_DMA_RxConfig                 0x08020967   Thumb Code   124  sdcard.o(.text)
    SD_DeInit                                0x080209e3   Thumb Code     2  sdcard.o(.text)
    SD_EnableWideBusOperation                0x08020b49   Thumb Code   144  sdcard.o(.text)
    SD_SelectDeselect                        0x08020bd9   Thumb Code    38  sdcard.o(.text)
    SD_GetCardInfo                           0x08020bff   Thumb Code   568  sdcard.o(.text)
    SD_InitializeCards                       0x08020e65   Thumb Code   246  sdcard.o(.text)
    SD_PowerON                               0x08020f5b   Thumb Code   510  sdcard.o(.text)
    SD_Init                                  0x08021159   Thumb Code   128  sdcard.o(.text)
    SD_SendStatus                            0x080211d9   Thumb Code    62  sdcard.o(.text)
    SD_Detect                                0x08021217   Thumb Code    14  sdcard.o(.text)
    SD_GetState                              0x08021225   Thumb Code    40  sdcard.o(.text)
    SD_GetStatus                             0x0802124d   Thumb Code    26  sdcard.o(.text)
    SD_PowerOFF                              0x08021267   Thumb Code    14  sdcard.o(.text)
    SD_SendSDStatus                          0x08021275   Thumb Code   322  sdcard.o(.text)
    SD_GetCardStatus                         0x080213b7   Thumb Code   146  sdcard.o(.text)
    SD_ReadBlock                             0x08021449   Thumb Code   308  sdcard.o(.text)
    SD_ReadMultiBlocks                       0x0802157d   Thumb Code   370  sdcard.o(.text)
    SD_StopTransfer                          0x080216ef   Thumb Code    36  sdcard.o(.text)
    SD_WaitReadOperation                     0x08021713   Thumb Code    94  sdcard.o(.text)
    SD_WriteBlock                            0x08021771   Thumb Code   332  sdcard.o(.text)
    SD_WriteMultiBlocks                      0x080218bd   Thumb Code   242  sdcard.o(.text)
    SD_WaitWriteOperation                    0x080219af   Thumb Code    94  sdcard.o(.text)
    SD_GetTransferState                      0x08021a0d   Thumb Code    16  sdcard.o(.text)
    SD_Erase                                 0x08021b5f   Thumb Code   250  sdcard.o(.text)
    SD_ProcessIRQSrc                         0x08021c59   Thumb Code   160  sdcard.o(.text)
    SD_ProcessDMAIRQ                         0x08021cf9   Thumb Code    30  sdcard.o(.text)
    convert_from_bytes_to_power_of_two       0x08021d17   Thumb Code    18  sdcard.o(.text)
    SD_GetCapacity                           0x08021d29   Thumb Code     6  sdcard.o(.text)
    SPI_FLASH_Init                           0x08021dad   Thumb Code   190  spiflash.o(.text)
    SPI_FLASH_SendByte                       0x08021e6b   Thumb Code    48  spiflash.o(.text)
    SPI_FLASH_WaitForWriteEnd                0x08021e9b   Thumb Code    44  spiflash.o(.text)
    SPI_FLASH_WriteEnable                    0x08021ec7   Thumb Code    34  spiflash.o(.text)
    SPI_FLASH_SectorErase                    0x08021ee9   Thumb Code    68  spiflash.o(.text)
    SPI_FLASH_BulkErase                      0x08021f2d   Thumb Code    40  spiflash.o(.text)
    SPI_FLASH_PageWrite                      0x08021f55   Thumb Code   100  spiflash.o(.text)
    SPI_FLASH_BufferWrite                    0x08021fb9   Thumb Code   190  spiflash.o(.text)
    SPI_FLASH_BufferRead                     0x08022077   Thumb Code    88  spiflash.o(.text)
    SPI_FLASH_ReadID                         0x080220cf   Thumb Code    70  spiflash.o(.text)
    SPI_FLASH_ReadDeviceID                   0x08022115   Thumb Code    60  spiflash.o(.text)
    SPI_FLASH_GetSize                        0x08022151   Thumb Code    18  spiflash.o(.text)
    SPI_FLASH_StartReadSequence              0x08022163   Thumb Code    44  spiflash.o(.text)
    SPI_FLASH_ReadByte                       0x0802218f   Thumb Code     4  spiflash.o(.text)
    SPI_FLASH_SendHalfWord                   0x08022193   Thumb Code    58  spiflash.o(.text)
    SPI_Flash_PowerDown                      0x080221cd   Thumb Code    34  spiflash.o(.text)
    SPI_Flash_WAKEUP                         0x080221ef   Thumb Code    34  spiflash.o(.text)
    NMI_Handler                              0x08022215   Thumb Code     2  stm32f4xx_it.o(.text)
    HardFault_Handler                        0x08022217   Thumb Code     2  stm32f4xx_it.o(.text)
    MemManage_Handler                        0x08022219   Thumb Code     2  stm32f4xx_it.o(.text)
    BusFault_Handler                         0x0802221b   Thumb Code     2  stm32f4xx_it.o(.text)
    UsageFault_Handler                       0x0802221d   Thumb Code     2  stm32f4xx_it.o(.text)
    SVC_Handler                              0x0802221f   Thumb Code     2  stm32f4xx_it.o(.text)
    DebugMon_Handler                         0x08022221   Thumb Code     2  stm32f4xx_it.o(.text)
    PendSV_Handler                           0x08022223   Thumb Code     2  stm32f4xx_it.o(.text)
    SysTick_Handler                          0x08022225   Thumb Code   122  stm32f4xx_it.o(.text)
    SDIO_IRQHandler                          0x0802229f   Thumb Code    16  stm32f4xx_it.o(.text)
    DMA2_Stream3_IRQHandler                  0x080222af   Thumb Code    16  stm32f4xx_it.o(.text)
    EXTI0_IRQHandler                         0x080222bf   Thumb Code    22  stm32f4xx_it.o(.text)
    TIM3_IRQHandler                          0x080222d5   Thumb Code    34  stm32f4xx_it.o(.text)
    TIM2_IRQHandler                          0x080222f7   Thumb Code   276  stm32f4xx_it.o(.text)
    USART1_IRQHandler                        0x0802240b   Thumb Code    48  stm32f4xx_it.o(.text)
    LCD_FSMC_Config                          0x0802249d   Thumb Code    80  stn.o(.text)
    LCD_GPIO_Config                          0x080224ed   Thumb Code   152  stn.o(.text)
    LCD_Rst                                  0x08022585   Thumb Code    36  stn.o(.text)
    LCD_WriteCmd                             0x080225a9   Thumb Code     8  stn.o(.text)
    LCD_WriteReg                             0x080225b1   Thumb Code    12  stn.o(.text)
    LCD_WriteDat                             0x080225bd   Thumb Code     6  stn.o(.text)
    LCD_ReadReg                              0x080225c3   Thumb Code    12  stn.o(.text)
    LCD_ReadDat                              0x080225cf   Thumb Code     8  stn.o(.text)
    LCD_SetBrightness                        0x080225d7   Thumb Code    12  stn.o(.text)
    LCD_Init                                 0x080225e3   Thumb Code   122  stn.o(.text)
    LCD_Point                                0x0802265d   Thumb Code    44  stn.o(.text)
    LCD_DispBmp1bpp                          0x08022689   Thumb Code    88  stn.o(.text)
    LCD_Fill                                 0x080226e1   Thumb Code    52  stn.o(.text)
    LCD_Clear                                0x08022715   Thumb Code    20  stn.o(.text)
    LCD_Update                               0x08022729   Thumb Code     8  stn.o(.text)
    LCD_CursorSet                            0x08022731   Thumb Code    16  stn.o(.text)
    LCD_CursorEn                             0x08022741   Thumb Code     6  stn.o(.text)
    LCD_RealUpdate                           0x08022747   Thumb Code   132  stn.o(.text)
    LCD_PowerSave                            0x080227cb   Thumb Code    18  stn.o(.text)
    LCD_StatusClear                          0x080227dd   Thumb Code    42  stn.o(.text)
    LCD_StatusSet                            0x08022807   Thumb Code    40  stn.o(.text)
    LCD_XLine                                0x0802282f   Thumb Code    44  stn.o(.text)
    LCD_YLine                                0x0802285b   Thumb Code    44  stn.o(.text)
    LCD_Line                                 0x08022887   Thumb Code   272  stn.o(.text)
    LCD_Circle                               0x08022997   Thumb Code   232  stn.o(.text)
    LCD_Rect                                 0x08022a7f   Thumb Code    56  stn.o(.text)
    LCD_SelectFont                           0x08022ab7   Thumb Code    10  stn.o(.text)
    LCD_Display_ASCII_6X12_Chr               0x08022ac1   Thumb Code    96  stn.o(.text)
    LCD_Display_ASCII_5X7_Chr                0x08022b21   Thumb Code   164  stn.o(.text)
    LCD_Display_Chn_Chr                      0x08022bc5   Thumb Code   102  stn.o(.text)
    LCD_String                               0x08022c2b   Thumb Code   104  stn.o(.text)
    mypow                                    0x08022c93   Thumb Code    20  stn.o(.text)
    LCD_DispNum_5X7                          0x08022ca7   Thumb Code   132  stn.o(.text)
    USART1_Config                            0x08022db9   Thumb Code   130  usart.o(.text)
    USART1_GetCh                             0x08022e3b   Thumb Code    26  usart.o(.text)
    USART1_PutCh                             0x08022e55   Thumb Code    26  usart.o(.text)
    USART1_WaitCh                            0x08022e6f   Thumb Code    26  usart.o(.text)
    fputc                                    0x08022e89   Thumb Code     2  usart.o(.text)
    __aeabi_uldivmod                         0x08022e95   Thumb Code    98  uldiv.o(.text)
    __rt_ctype_table                         0x08022ef9   Thumb Code     4  ctype_o.o(.text)
    isspace                                  0x08022f01   Thumb Code    18  isspace_o.o(.text)
    qsort                                    0x08022f13   Thumb Code   156  qsort.o(.text)
    rand                                     0x08022fb1   Thumb Code    20  rand.o(.text)
    srand                                    0x08022fc5   Thumb Code     6  rand.o(.text)
    __aeabi_memcpy                           0x08022fd5   Thumb Code    36  memcpya.o(.text)
    __aeabi_memcpy4                          0x08022fd5   Thumb Code     0  memcpya.o(.text)
    __aeabi_memcpy8                          0x08022fd5   Thumb Code     0  memcpya.o(.text)
    __aeabi_memset                           0x08022ff9   Thumb Code    14  memseta.o(.text)
    __aeabi_memset4                          0x08022ff9   Thumb Code     0  memseta.o(.text)
    __aeabi_memset8                          0x08022ff9   Thumb Code     0  memseta.o(.text)
    __aeabi_memclr                           0x08023007   Thumb Code     4  memseta.o(.text)
    __aeabi_memclr4                          0x08023007   Thumb Code     0  memseta.o(.text)
    __aeabi_memclr8                          0x08023007   Thumb Code     0  memseta.o(.text)
    _memset$wrapper                          0x0802300b   Thumb Code    18  memseta.o(.text)
    strcat                                   0x0802301d   Thumb Code    24  strcat.o(.text)
    strncpy                                  0x08023035   Thumb Code    24  strncpy.o(.text)
    strlen                                   0x0802304d   Thumb Code    14  strlen.o(.text)
    strcmp                                   0x0802305b   Thumb Code    28  strcmp.o(.text)
    strcpy                                   0x08023077   Thumb Code    18  strcpy.o(.text)
    strncmp                                  0x08023089   Thumb Code    30  strncmp.o(.text)
    __aeabi_dadd                             0x080230a7   Thumb Code   322  dadd.o(.text)
    __aeabi_dsub                             0x080231e9   Thumb Code     6  dadd.o(.text)
    __aeabi_drsub                            0x080231ef   Thumb Code     6  dadd.o(.text)
    __aeabi_dmul                             0x080231f5   Thumb Code   228  dmul.o(.text)
    __aeabi_ddiv                             0x080232d9   Thumb Code   222  ddiv.o(.text)
    __aeabi_i2d                              0x080233b7   Thumb Code    34  dflti.o(.text)
    __aeabi_ui2d                             0x080233d9   Thumb Code    26  dfltui.o(.text)
    __aeabi_d2iz                             0x080233f3   Thumb Code    62  dfixi.o(.text)
    __aeabi_cdcmpeq                          0x08023431   Thumb Code     0  cdcmple.o(.text)
    __aeabi_cdcmple                          0x08023431   Thumb Code    38  cdcmple.o(.text)
    __aeabi_cdrcmple                         0x08023459   Thumb Code    38  cdrcmple.o(.text)
    setjmp                                   0x08023481   Thumb Code    26  setjmp.o(.text)
    longjmp                                  0x0802349b   Thumb Code    36  setjmp.o(.text)
    __aeabi_uidiv                            0x080234bf   Thumb Code     0  uidiv.o(.text)
    __aeabi_uidivmod                         0x080234bf   Thumb Code    44  uidiv.o(.text)
    __aeabi_llsl                             0x080234eb   Thumb Code    30  llshl.o(.text)
    _ll_shift_l                              0x080234eb   Thumb Code     0  llshl.o(.text)
    __aeabi_llsr                             0x08023509   Thumb Code    32  llushr.o(.text)
    _ll_ushift_r                             0x08023509   Thumb Code     0  llushr.o(.text)
    __aeabi_lasr                             0x08023529   Thumb Code    36  llsshr.o(.text)
    _ll_sshift_r                             0x08023529   Thumb Code     0  llsshr.o(.text)
    __strtod_int                             0x08023583   Thumb Code    88  strtod.o(.text)
    __I$use$fp                               0x080235e9   Thumb Code     0  iusefp.o(.text)
    _double_round                            0x080235e9   Thumb Code    26  depilogue.o(.text)
    _double_epilogue                         0x08023603   Thumb Code   164  depilogue.o(.text)
    __ARM_scalbn                             0x080236a7   Thumb Code    46  dscalb.o(.text)
    scalbn                                   0x080236a7   Thumb Code     0  dscalb.o(.text)
    _dsqrt                                   0x080236d5   Thumb Code   162  dsqrt.o(.text)
    _drem                                    0x08023777   Thumb Code   128  drem.o(.text)
    __aeabi_d2ulz                            0x080237f7   Thumb Code    48  dfixul.o(.text)
    __scatterload                            0x08023829   Thumb Code    28  init.o(.text)
    __scatterload_rt2                        0x08023829   Thumb Code     0  init.o(.text)
    _scanf_real                              0x0802394d   Thumb Code     0  scanf_fp.o(.text)
    _scanf_really_real                       0x0802394d   Thumb Code   560  scanf_fp.o(.text)
    _sgetc                                   0x08023b89   Thumb Code    30  _sgetc.o(.text)
    _sbackspace                              0x08023ba7   Thumb Code    34  _sgetc.o(.text)
    __aeabi_ul2d                             0x08023bc9   Thumb Code    24  dfltul.o(.text)
    __aeabi_d2f                              0x08023be1   Thumb Code    56  d2f.o(.text)
    _float_round                             0x08023c19   Thumb Code    18  fepilogue.o(.text)
    _float_epilogue                          0x08023c2b   Thumb Code    90  fepilogue.o(.text)
    __decompress                             0x08023c85   Thumb Code     0  __dclz77c.o(.text)
    __decompress2                            0x08023c85   Thumb Code    96  __dclz77c.o(.text)
    __0printf                                0x08023ce5   Thumb Code    22  printfa.o(i.__0printf)
    __1printf                                0x08023ce5   Thumb Code     0  printfa.o(i.__0printf)
    __2printf                                0x08023ce5   Thumb Code     0  printfa.o(i.__0printf)
    __c89printf                              0x08023ce5   Thumb Code     0  printfa.o(i.__0printf)
    printf                                   0x08023ce5   Thumb Code     0  printfa.o(i.__0printf)
    __0sprintf                               0x08023d05   Thumb Code    34  printfa.o(i.__0sprintf)
    __1sprintf                               0x08023d05   Thumb Code     0  printfa.o(i.__0sprintf)
    __2sprintf                               0x08023d05   Thumb Code     0  printfa.o(i.__0sprintf)
    __c89sprintf                             0x08023d05   Thumb Code     0  printfa.o(i.__0sprintf)
    sprintf                                  0x08023d05   Thumb Code     0  printfa.o(i.__0sprintf)
    __0vsprintf                              0x08023d2d   Thumb Code    30  printfa.o(i.__0vsprintf)
    __1vsprintf                              0x08023d2d   Thumb Code     0  printfa.o(i.__0vsprintf)
    __2vsprintf                              0x08023d2d   Thumb Code     0  printfa.o(i.__0vsprintf)
    __c89vsprintf                            0x08023d2d   Thumb Code     0  printfa.o(i.__0vsprintf)
    vsprintf                                 0x08023d2d   Thumb Code     0  printfa.o(i.__0vsprintf)
    __ARM_fpclassify                         0x08023d51   Thumb Code    48  fpclassify.o(i.__ARM_fpclassify)
    __aeabi_errno_addr                       0x08023d81   Thumb Code     4  errno.o(i.__aeabi_errno_addr)
    __rt_errno_addr                          0x08023d81   Thumb Code     0  errno.o(i.__aeabi_errno_addr)
    __hardfp_acos                            0x08023d89   Thumb Code   738  acos.o(i.__hardfp_acos)
    __hardfp_asin                            0x080240d9   Thumb Code   774  asin.o(i.__hardfp_asin)
    __hardfp_atan                            0x08024449   Thumb Code   636  atan.o(i.__hardfp_atan)
    __hardfp_atof                            0x08024731   Thumb Code    44  atof.o(i.__hardfp_atof)
    __hardfp_ceil                            0x08024769   Thumb Code   252  ceil.o(i.__hardfp_ceil)
    __hardfp_cos                             0x08024881   Thumb Code   200  cos.o(i.__hardfp_cos)
    __hardfp_cosh                            0x08024959   Thumb Code   370  cosh.o(i.__hardfp_cosh)
    __hardfp_erfc                            0x08024b09   Thumb Code   916  erf.o(i.__hardfp_erfc)
    __hardfp_exp                             0x08024f21   Thumb Code   726  exp.o(i.__hardfp_exp)
    __hardfp_fabs                            0x08025289   Thumb Code    20  fabs.o(i.__hardfp_fabs)
    __hardfp_floor                           0x080252a1   Thumb Code   252  floor.o(i.__hardfp_floor)
    __hardfp_fmod                            0x080253b9   Thumb Code   280  fmod.o(i.__hardfp_fmod)
    __hardfp_log                             0x080254e1   Thumb Code   888  log.o(i.__hardfp_log)
    __hardfp_pow                             0x080258c9   Thumb Code  3132  pow.o(i.__hardfp_pow)
    __hardfp_sin                             0x08026559   Thumb Code   200  sin.o(i.__hardfp_sin)
    __hardfp_sinh                            0x08026631   Thumb Code   440  sinh.o(i.__hardfp_sinh)
    __hardfp_sqrt                            0x08026831   Thumb Code   122  sqrt.o(i.__hardfp_sqrt)
    __hardfp_tan                             0x080268b1   Thumb Code   142  tan.o(i.__hardfp_tan)
    __hardfp_tanh                            0x08026951   Thumb Code   304  tanh.o(i.__hardfp_tanh)
    __ieee754_rem_pio2                       0x08026aa9   Thumb Code   972  rred.o(i.__ieee754_rem_pio2)
    __kernel_cos                             0x08026f01   Thumb Code   322  cos_i.o(i.__kernel_cos)
    __kernel_poly                            0x08027071   Thumb Code   248  poly.o(i.__kernel_poly)
    __kernel_sin                             0x08027169   Thumb Code   280  sin_i.o(i.__kernel_sin)
    __kernel_tan                             0x08027299   Thumb Code   772  tan_i.o(i.__kernel_tan)
    __mathlib_dbl_underflow                  0x080275f1   Thumb Code    24  dunder.o(i.__mathlib_dbl_underflow)
    __mathlib_expm1                          0x08027611   Thumb Code  1288  expm1_i.o(i.__mathlib_expm1)
    __read_errno                             0x08027b19   Thumb Code     6  errno.o(i.__read_errno)
    __scatterload_copy                       0x08027b25   Thumb Code    14  handlers.o(i.__scatterload_copy)
    __scatterload_null                       0x08027b33   Thumb Code     2  handlers.o(i.__scatterload_null)
    __scatterload_zeroinit                   0x08027b35   Thumb Code    14  handlers.o(i.__scatterload_zeroinit)
    __set_errno                              0x08027b45   Thumb Code     6  errno.o(i.__set_errno)
    _is_digit                                0x08027cad   Thumb Code    14  scanf_fp.o(i._is_digit)
    exp                                      0x0802840d   Thumb Code    16  exp.o(i.exp)
    fabs                                     0x0802841d   Thumb Code    32  fabs.o(i.fabs)
    free                                     0x0802843d   Thumb Code    76  malloc.o(i.free)
    isdigit                                  0x0802848d   Thumb Code    24  scan.o(i.isdigit)
    malloc                                   0x080284a5   Thumb Code    92  malloc.o(i.malloc)
    sqrt                                     0x08028511   Thumb Code   110  sqrt.o(i.sqrt)
    gImage_mainlogo                          0x080285c6   Data         384  stn.o(.constdata)
    Font_Ascii_5X7E                          0x08028746   Data         768  stn.o(.constdata)
    Font_Ascii_5X7E_Menu                     0x08028a46   Data         768  stn.o(.constdata)
    __ctype_table                            0x08029150   Data         129  ctype_o.o(.constdata)
    __mathlib_zero                           0x08029230   Data           8  qnan.o(.constdata)
    Region$$Table$$Base                      0x08035b14   Number         0  anon$$obj.o(Region$$Table)
    Region$$Table$$Limit                     0x08035b34   Number         0  anon$$obj.o(Region$$Table)
    SystemCoreClock                          0x20000000   Data           4  system_stm32f4xx.o(.data)
    AHBPrescTable                            0x20000004   Data          16  system_stm32f4xx.o(.data)
    mcount                                   0x200000c0   Data           4  alloc.o(.data)
    free_list                                0x200000c4   Data           4  alloc.o(.data)
    free_count                               0x200000c8   Data           4  alloc.o(.data)
    mtotal                                   0x200002e4   Data           4  bignum.o(.data)
    mfreecount                               0x200002e8   Data           4  bignum.o(.data)
    s                                        0x2000036c   Data          48  binomial.o(.data)
    endian                                   0x200007b4   Data           4  data.o(.data)
    p0                                       0x200007b8   Data           4  data.o(.data)
    p1                                       0x200007bc   Data           4  data.o(.data)
    p2                                       0x200007c0   Data           4  data.o(.data)
    p3                                       0x200007c4   Data           4  data.o(.data)
    p4                                       0x200007c8   Data           4  data.o(.data)
    p5                                       0x200007cc   Data           4  data.o(.data)
    p6                                       0x200007d0   Data           4  data.o(.data)
    p7                                       0x200007d4   Data           4  data.o(.data)
    p8                                       0x200007d8   Data           4  data.o(.data)
    p9                                       0x200007dc   Data           4  data.o(.data)
    zero                                     0x200007e0   Data           4  data.o(.data)
    one                                      0x200007e4   Data           4  data.o(.data)
    imaginaryunit                            0x200007e8   Data           4  data.o(.data)
    expanding                                0x200007ec   Data           4  data.o(.data)
    verbosing                                0x200007f0   Data           4  data.o(.data)
    esc_flag                                 0x200007f4   Data           4  data.o(.data)
    test_flag                                0x200007f8   Data           4  data.o(.data)
    draw_flag                                0x200007fc   Data           4  data.o(.data)
    trigmode                                 0x20000800   Data           4  data.o(.data)
    line_index                               0x20000804   Data           4  dconsole.o(.data)
    line_x                                   0x20000808   Data           4  dconsole.o(.data)
    line_start                               0x2000080c   Data           4  dconsole.o(.data)
    line_count                               0x20000810   Data           4  dconsole.o(.data)
    myconsolex                               0x20000814   Data           4  dconsole.o(.data)
    myconsoley                               0x20000818   Data           4  dconsole.o(.data)
    execution_in_progress                    0x20000b70   Data           4  emain.o(.data)
    out_count                                0x20000b78   Data           4  emain.o(.data)
    itab                                     0x200013d8   Data         648  itab.o(.data)
    primetab                                 0x200026e4   Data       40000  primetab.o(.data)
    power_str                                0x2000c324   Data           4  print.o(.data)
    frame                                    0x2000ce24   Data           4  stack.o(.data)
    tos                                      0x2000ce28   Data           4  stack.o(.data)
    move                                     0x2000d108   Data           4  g2048.o(.data)
    score                                    0x2000d10c   Data           4  g2048.o(.data)
    LastKey                                  0x2000d110   Data           1  key.o(.data)
    NowKey                                   0x2000d111   Data           1  key.o(.data)
    brightness                               0x2000d114   Data           1  main.o(.data)
    sf_size                                  0x2000d118   Data           4  main.o(.data)
    voltage                                  0x2000d11c   Data           4  main.o(.data)
    TimingDelay                              0x2000d120   Data           4  main.o(.data)
    ShiftState                               0x2000d124   Data           1  main.o(.data)
    myres                                    0x2000d128   Data           1  sd_fs_app.o(.data)
    mya                                      0x2000d12c   Data           4  sd_fs_app.o(.data)
    mybr                                     0x2000d130   Data           4  sd_fs_app.o(.data)
    TransferError                            0x2000d134   Data           1  sdcard.o(.data)
    StopCondition                            0x2000d140   Data           4  sdcard.o(.data)
    TransferEnd                              0x2000d144   Data           4  sdcard.o(.data)
    DMAEndOfTransfer                         0x2000d148   Data           4  sdcard.o(.data)
    Timing                                   0x2000d14c   Data           2  stm32f4xx_it.o(.data)
    Autooff                                  0x2000d14e   Data           2  stm32f4xx_it.o(.data)
    LCD_DrawMode                             0x2000d150   Data           1  stn.o(.data)
    CursorEn                                 0x2000d151   Data           1  stn.o(.data)
    LCD_FB_Touched                           0x2000d152   Data           1  stn.o(.data)
    CursorX                                  0x2000d153   Data           1  stn.o(.data)
    CursorY                                  0x2000d154   Data           1  stn.o(.data)
    Curr_Font_W                              0x2000d155   Data           1  stn.o(.data)
    Curr_Font_H                              0x2000d156   Data           1  stn.o(.data)
    Curr_Font                                0x2000d158   Data           4  stn.o(.data)
    __stdout                                 0x2000d164   Data           4  stdout.o(.data)
    __microlib_freelist                      0x2000d168   Data           4  mvars.o(.data)
    __microlib_freelist_initialised          0x2000d16c   Data           4  mvars.o(.data)
    mem                                      0x2000d170   Data         400  alloc.o(.bss)
    symtab                                   0x2000db88   Data       16000  data.o(.bss)
    binding                                  0x20011a08   Data        4000  data.o(.bss)
    arglist                                  0x200129a8   Data        4000  data.o(.bss)
    logbuf                                   0x20013948   Data         500  data.o(.bss)
    line_buf                                 0x20013b3c   Data         272  dconsole.o(.bss)
    out_buf                                  0x20014034   Data        1001  emain.o(.bss)
    stop_return                              0x20014b20   Data         384  run.o(.bss)
    draw_stop_return                         0x20014ca0   Data         384  run.o(.bss)
    stack                                    0x20014fa0   Data        4000  stack.o(.bss)
    code                                     0x20015f40   Data          64  g2048.o(.bss)
    temp                                     0x20015f80   Data          20  g2048.o(.bss)
    RecBuf                                   0x20015f94   Data        4096  pccon.o(.bss)
    DMA_InitStructure                        0x20016f94   Data          60  pccon.o(.bss)
    myfs                                     0x20016fd0   Data        1120  sd_fs_app.o(.bss)
    myfsrc                                   0x20017430   Data         548  sd_fs_app.o(.bss)
    mybuffer                                 0x20017654   Data         512  sd_fs_app.o(.bss)
    SDCardInfo                               0x20017884   Data          80  sdcard.o(.bss)
    SDIO_InitStructure                       0x200178d4   Data          24  sdcard.o(.bss)
    SDIO_CmdInitStructure                    0x200178ec   Data          20  sdcard.o(.bss)
    SDIO_DataInitStructure                   0x20017900   Data          24  sdcard.o(.bss)
    LCD_FB                                   0x20017918   Data         384  stn.o(.bss)
    __heap_base                              0x20017a98   Data           0  startup_stm32f4xx.o(HEAP)
    __heap_limit                             0x20017c98   Data           0  startup_stm32f4xx.o(HEAP)
    __initial_sp                             0x20018098   Data           0  startup_stm32f4xx.o(STACK)



==============================================================================

Memory Map of the image

  Image Entry point : 0x0801bf65

  Load Region LR_1 (Base: 0x08000000, Size: 0x00042ca4, Max: 0xffffffff, ABSOLUTE, COMPRESSED[0x0003ee6c])

    Execution Region ER_RO (Base: 0x08000000, Size: 0x00035b34, Max: 0xffffffff, ABSOLUTE)

    Base Addr    Size         Type   Attr      Idx    E Section Name        Object

    0x08000000   0x00000188   Data   RO         2711    RESET               startup_stm32f4xx.o
    0x08000188   0x00000000   Code   RO         3895  * .ARM.Collect$$$$00000000  mc_w.l(entry.o)
    0x08000188   0x00000004   Code   RO         4300    .ARM.Collect$$$$00000001  mc_w.l(entry2.o)
    0x0800018c   0x00000004   Code   RO         4303    .ARM.Collect$$$$00000004  mc_w.l(entry5.o)
    0x08000190   0x00000000   Code   RO         4305    .ARM.Collect$$$$00000008  mc_w.l(entry7b.o)
    0x08000190   0x00000000   Code   RO         4307    .ARM.Collect$$$$0000000A  mc_w.l(entry8b.o)
    0x08000190   0x00000008   Code   RO         4308    .ARM.Collect$$$$0000000B  mc_w.l(entry9a.o)
    0x08000198   0x00000000   Code   RO         4310    .ARM.Collect$$$$0000000D  mc_w.l(entry10a.o)
    0x08000198   0x00000000   Code   RO         4312    .ARM.Collect$$$$0000000F  mc_w.l(entry11a.o)
    0x08000198   0x00000004   Code   RO         4301    .ARM.Collect$$$$00002712  mc_w.l(entry2.o)
    0x0800019c   0x0000000a   Code   RO         3478    .emb_text           powerman.o
    0x080001a6   0x00000002   PAD
    0x080001a8   0x00000148   Code   RO            2    .text               system_stm32f4xx.o
    0x080002f0   0x00000240   Code   RO          295    .text               abs.o
    0x08000530   0x00000634   Code   RO          331    .text               add.o
    0x08000b64   0x00000114   Code   RO          353    .text               adj.o
    0x08000c78   0x00000350   Code   RO          369    .text               alloc.o
    0x08000fc8   0x0000008c   Code   RO          386    .text               append.o
    0x08001054   0x000001a0   Code   RO          399    .text               arccos.o
    0x080011f4   0x0000015c   Code   RO          415    .text               arccosh.o
    0x08001350   0x000001a0   Code   RO          431    .text               arcsin.o
    0x080014f0   0x0000011c   Code   RO          447    .text               arcsinh.o
    0x0800160c   0x0000031c   Code   RO          463    .text               arctan.o
    0x08001928   0x00000198   Code   RO          479    .text               arctanh.o
    0x08001ac0   0x00000298   Code   RO          495    .text               arg.o
    0x08001d58   0x000000c8   Code   RO          511    .text               atomize.o
    0x08001e20   0x00000360   Code   RO          524    .text               bake.o
    0x08002180   0x00000c10   Code   RO          540    .text               bignum.o
    0x08002d90   0x00000170   Code   RO          562    .text               binomial.o
    0x08002f00   0x00000100   Code   RO          580    .text               ceiling.o
    0x08003000   0x00000160   Code   RO          597    .text               choose.o
    0x08003160   0x000002f4   Code   RO          613    .text               circexp.o
    0x08003454   0x00000034   Code   RO          629    .text               clear.o
    0x08003488   0x000000a0   Code   RO          642    .text               clock.o
    0x08003528   0x00000238   Code   RO          658    .text               coeff.o
    0x08003760   0x00000278   Code   RO          674    .text               cofactor.o
    0x080039d8   0x00000154   Code   RO          690    .text               condense.o
    0x08003b2c   0x00000080   Code   RO          707    .text               conj.o
    0x08003bac   0x00000022   Code   RO          721    .text               cons.o
    0x08003bce   0x00000002   PAD
    0x08003bd0   0x0000039c   Code   RO          734    .text               contract.o
    0x08003f6c   0x00000340   Code   RO          751    .text               cos.o
    0x080042ac   0x00000130   Code   RO          767    .text               cosh.o
    0x080043dc   0x0000096c   Code   RO          821    .text               dconsole.o
    0x08004d48   0x000002d8   Code   RO          851    .text               decomp.o
    0x08005020   0x00000164   Code   RO          864    .text               define.o
    0x08005184   0x00000194   Code   RO          877    .text               defint.o
    0x08005318   0x00000288   Code   RO          893    .text               degree.o
    0x080055a0   0x00000164   Code   RO          906    .text               denominator.o
    0x08005704   0x00001248   Code   RO          922    .text               derivative.o
    0x0800694c   0x000003a8   Code   RO          938    .text               det.o
    0x08006cf4   0x0000017c   Code   RO          951    .text               dirac.o
    0x08006e70   0x000004e4   Code   RO          982    .text               divisors.o
    0x08007354   0x00000188   Code   RO          998    .text               dpow.o
    0x080074dc   0x000001a8   Code   RO         1011    .text               dsolve.o
    0x08007684   0x0000079c   Code   RO         1024    .text               eigen.o
    0x08007e20   0x00000190   Code   RO         1041    .text               emain.o
    0x08007fb0   0x000000e4   Code   RO         1071    .text               erf.o
    0x08008094   0x00000098   Code   RO         1088    .text               erfc.o
    0x0800812c   0x0000131c   Code   RO         1104    .text               eval.o
    0x08009448   0x0000089c   Code   RO         1118    .text               expand.o
    0x08009ce4   0x000000c0   Code   RO         1134    .text               expcos.o
    0x08009da4   0x000000d4   Code   RO         1150    .text               expsin.o
    0x08009e78   0x000002e4   Code   RO         1166    .text               factor.o
    0x0800a15c   0x000003fc   Code   RO         1182    .text               factorial.o
    0x0800a558   0x00000710   Code   RO         1195    .text               factorpoly.o
    0x0800ac68   0x000000a0   Code   RO         1211    .text               factors.o
    0x0800ad08   0x000001a0   Code   RO         1224    .text               filter.o
    0x0800aea8   0x00000068   Code   RO         1238    .text               find.o
    0x0800af10   0x0000013c   Code   RO         1251    .text               float.o
    0x0800b04c   0x00000100   Code   RO         1267    .text               floor.o
    0x0800b14c   0x000002c4   Code   RO         1284    .text               for.o
    0x0800b410   0x000003d4   Code   RO         1297    .text               gamma.o
    0x0800b7e4   0x0000070c   Code   RO         1314    .text               gcd.o
    0x0800bef0   0x00000068   Code   RO         1331    .text               guess.o
    0x0800bf58   0x00000130   Code   RO         1344    .text               hermite.o
    0x0800c088   0x0000008c   Code   RO         1360    .text               hilbert.o
    0x0800c114   0x000001d8   Code   RO         1373    .text               history.o
    0x0800c2ec   0x000000a0   Code   RO         1395    .text               imag.o
    0x0800c38c   0x000003dc   Code   RO         1411    .text               index.o
    0x0800c768   0x00000a2c   Code   RO         1427    .text               init.o
    0x0800d194   0x0000029c   Code   RO         1444    .text               inner.o
    0x0800d430   0x00000368   Code   RO         1460    .text               integral.o
    0x0800d798   0x00000388   Code   RO         1474    .text               inv.o
    0x0800db20   0x00000cba   Code   RO         1487    .text               is.o
    0x0800e7da   0x00000002   PAD
    0x0800e7dc   0x0000007c   Code   RO         1501    .text               isprime.o
    0x0800e858   0x00000028   Code   RO         1527    .text               itest.o
    0x0800e880   0x00000294   Code   RO         1543    .text               laguerre.o
    0x0800eb14   0x000000e4   Code   RO         1575    .text               lcm.o
    0x0800ebf8   0x000000f8   Code   RO         1592    .text               leading.o
    0x0800ecf0   0x0000036c   Code   RO         1605    .text               legendre.o
    0x0800f05c   0x00000020   Code   RO         1622    .text               list.o
    0x0800f07c   0x000001ec   Code   RO         1635    .text               log.o
    0x0800f268   0x00000368   Code   RO         1652    .text               madd.o
    0x0800f5d0   0x00000210   Code   RO         1666    .text               mag.o
    0x0800f7e0   0x00000130   Code   RO         1682    .text               mcmp.o
    0x0800f910   0x00000270   Code   RO         1701    .text               mgcd.o
    0x0800fb80   0x0000002c   Code   RO         1714    .text               mini-test.o
    0x0800fbac   0x00000360   Code   RO         1730    .text               misce.o
    0x0800ff0c   0x00000130   Code   RO         1744    .text               mmodpow.o
    0x0801003c   0x000008f0   Code   RO         1757    .text               mmul.o
    0x0801092c   0x00000220   Code   RO         1770    .text               mod.o
    0x08010b4c   0x0000012c   Code   RO         1786    .text               mpow.o
    0x08010c78   0x00000290   Code   RO         1799    .text               mprime.o
    0x08010f08   0x000001fc   Code   RO         1812    .text               mroot.o
    0x08011104   0x00000086   Code   RO         1825    .text               mscan.o
    0x0801118a   0x00000002   PAD
    0x0801118c   0x00000134   Code   RO         1844    .text               mstr.o
    0x080112c0   0x00000db0   Code   RO         1859    .text               multiply.o
    0x08012070   0x00000b10   Code   RO         1877    .text               nroots.o
    0x08012b80   0x00000158   Code   RO         1894    .text               numerator.o
    0x08012cd8   0x000001f8   Code   RO         1910    .text               outer.o
    0x08012ed0   0x000000c8   Code   RO         1926    .text               partition.o
    0x08012f98   0x0000009c   Code   RO         1939    .text               polar.o
    0x08013034   0x00000354   Code   RO         1955    .text               pollard.o
    0x08013388   0x000006bc   Code   RO         1970    .text               power.o
    0x08013a44   0x00000084   Code   RO         1987    .text               prime.o
    0x08013ac8   0x000010c4   Code   RO         2009    .text               print.o
    0x08014b8c   0x00000328   Code   RO         2030    .text               product.o
    0x08014eb4   0x000000d0   Code   RO         2043    .text               qadd.o
    0x08014f84   0x000000cc   Code   RO         2056    .text               qdiv.o
    0x08015050   0x000000b0   Code   RO         2069    .text               qmul.o
    0x08015100   0x000002d0   Code   RO         2082    .text               qpow.o
    0x080153d0   0x000000d0   Code   RO         2095    .text               qsub.o
    0x080154a0   0x0000021c   Code   RO         2108    .text               quickfactor.o
    0x080156bc   0x00000298   Code   RO         2121    .text               quotient.o
    0x08015954   0x000002fc   Code   RO         2137    .text               rationalize.o
    0x08015c50   0x00000090   Code   RO         2154    .text               real.o
    0x08015ce0   0x000000fc   Code   RO         2170    .text               rect.o
    0x08015ddc   0x0000050c   Code   RO         2199    .text               roots.o
    0x080162e8   0x000002ac   Code   RO         2215    .text               run.o
    0x08016594   0x0000079c   Code   RO         2235    .text               scan.o
    0x08016d30   0x00000328   Code   RO         2270    .text               selftest.o
    0x08017058   0x0000016c   Code   RO         2289    .text               sgn.o
    0x080171c4   0x00000a98   Code   RO         2306    .text               simfac.o
    0x08017c5c   0x00000414   Code   RO         2319    .text               simplify.o
    0x08018070   0x00000358   Code   RO         2336    .text               sin.o
    0x080183c8   0x00000130   Code   RO         2352    .text               sinh.o
    0x080184f8   0x00000200   Code   RO         2369    .text               stack.o
    0x080186f8   0x00000124   Code   RO         2390    .text               subst.o
    0x0801881c   0x0000031c   Code   RO         2403    .text               sum.o
    0x08018b38   0x00000170   Code   RO         2416    .text               symbol.o
    0x08018ca8   0x0000022c   Code   RO         2429    .text               tan.o
    0x08018ed4   0x00000118   Code   RO         2446    .text               tanh.o
    0x08018fec   0x00000240   Code   RO         2462    .text               taylor.o
    0x0801922c   0x00000874   Code   RO         2478    .text               tensor.o
    0x08019aa0   0x00000394   Code   RO         2494    .text               test.o
    0x08019e34   0x00000274   Code   RO         2511    .text               transform.o
    0x0801a0a8   0x00000360   Code   RO         2524    .text               transpose.o
    0x0801a408   0x000002e4   Code   RO         2540    .text               userfunc.o
    0x0801a6ec   0x000000d8   Code   RO         2606    .text               zero.o
    0x0801a7c4   0x000000d0   Code   RO         2623    .text               diskio.o
    0x0801a894   0x000016ce   Code   RO         2682    .text               ff.o
    0x0801bf62   0x00000002   PAD
    0x0801bf64   0x00000024   Code   RO         2712  * .text               startup_stm32f4xx.o
    0x0801bf88   0x000000b0   Code   RO         2717    .text               misc.o
    0x0801c038   0x00000354   Code   RO         2811    .text               stm32f4xx_adc.o
    0x0801c38c   0x00000320   Code   RO         2989    .text               stm32f4xx_dma.o
    0x0801c6ac   0x000000e8   Code   RO         3008    .text               stm32f4xx_exti.o
    0x0801c794   0x00000464   Code   RO         3047    .text               stm32f4xx_fsmc.o
    0x0801cbf8   0x000001ec   Code   RO         3066    .text               stm32f4xx_gpio.o
    0x0801cde4   0x0000003c   Code   RO         3155    .text               stm32f4xx_iwdg.o
    0x0801ce20   0x000000d0   Code   RO         3171    .text               stm32f4xx_pwr.o
    0x0801cef0   0x000003d8   Code   RO         3187    .text               stm32f4xx_rcc.o
    0x0801d2c8   0x00000a24   Code   RO         3224    .text               stm32f4xx_rtc.o
    0x0801dcec   0x000001b8   Code   RO         3244    .text               stm32f4xx_sdio.o
    0x0801dea4   0x000002f0   Code   RO         3263    .text               stm32f4xx_spi.o
    0x0801e194   0x0000006c   Code   RO         3282    .text               stm32f4xx_syscfg.o
    0x0801e200   0x000009dc   Code   RO         3298    .text               stm32f4xx_tim.o
    0x0801ebdc   0x00000344   Code   RO         3318    .text               stm32f4xx_usart.o
    0x0801ef20   0x000003fc   Code   RO         3353    .text               g2048.o
    0x0801f31c   0x00000244   Code   RO         3384    .text               key.o
    0x0801f560   0x00000a0c   Code   RO         3407    .text               main.o
    0x0801ff6c   0x000001d0   Code   RO         3453    .text               pccon.o
    0x0802013c   0x00000304   Code   RO         3479    .text               powerman.o
    0x08020440   0x00000162   Code   RO         3496    .text               rtc.o
    0x080205a2   0x00000002   PAD
    0x080205a4   0x000001e0   Code   RO         3512    .text               sd_fs_app.o
    0x08020784   0x00001628   Code   RO         3541    .text               sdcard.o
    0x08021dac   0x00000468   Code   RO         3565    .text               spiflash.o
    0x08022214   0x00000288   Code   RO         3582    .text               stm32f4xx_it.o
    0x0802249c   0x0000091c   Code   RO         3612    .text               stn.o
    0x08022db8   0x000000dc   Code   RO         3646    .text               usart.o
    0x08022e94   0x00000062   Code   RO         3898    .text               mc_w.l(uldiv.o)
    0x08022ef6   0x00000002   PAD
    0x08022ef8   0x00000008   Code   RO         3900    .text               mc_w.l(ctype_o.o)
    0x08022f00   0x00000012   Code   RO         3922    .text               mc_w.l(isspace_o.o)
    0x08022f12   0x0000009c   Code   RO         3928    .text               mc_w.l(qsort.o)
    0x08022fae   0x00000002   PAD
    0x08022fb0   0x00000024   Code   RO         3930    .text               mc_w.l(rand.o)
    0x08022fd4   0x00000024   Code   RO         3933    .text               mc_w.l(memcpya.o)
    0x08022ff8   0x00000024   Code   RO         3935    .text               mc_w.l(memseta.o)
    0x0802301c   0x00000018   Code   RO         3937    .text               mc_w.l(strcat.o)
    0x08023034   0x00000018   Code   RO         3939    .text               mc_w.l(strncpy.o)
    0x0802304c   0x0000000e   Code   RO         3941    .text               mc_w.l(strlen.o)
    0x0802305a   0x0000001c   Code   RO         3943    .text               mc_w.l(strcmp.o)
    0x08023076   0x00000012   Code   RO         3945    .text               mc_w.l(strcpy.o)
    0x08023088   0x0000001e   Code   RO         3947    .text               mc_w.l(strncmp.o)
    0x080230a6   0x0000014e   Code   RO         4247    .text               mf_w.l(dadd.o)
    0x080231f4   0x000000e4   Code   RO         4249    .text               mf_w.l(dmul.o)
    0x080232d8   0x000000de   Code   RO         4251    .text               mf_w.l(ddiv.o)
    0x080233b6   0x00000022   Code   RO         4255    .text               mf_w.l(dflti.o)
    0x080233d8   0x0000001a   Code   RO         4257    .text               mf_w.l(dfltui.o)
    0x080233f2   0x0000003e   Code   RO         4259    .text               mf_w.l(dfixi.o)
    0x08023430   0x00000028   Code   RO         4261    .text               mf_w.l(cdcmple.o)
    0x08023458   0x00000028   Code   RO         4263    .text               mf_w.l(cdrcmple.o)
    0x08023480   0x0000003e   Code   RO         4265    .text               mf_w.l(setjmp.o)
    0x080234be   0x0000002c   Code   RO         4315    .text               mc_w.l(uidiv.o)
    0x080234ea   0x0000001e   Code   RO         4317    .text               mc_w.l(llshl.o)
    0x08023508   0x00000020   Code   RO         4319    .text               mc_w.l(llushr.o)
    0x08023528   0x00000024   Code   RO         4321    .text               mc_w.l(llsshr.o)
    0x0802354c   0x0000009c   Code   RO         4325    .text               mc_w.l(strtod.o)
    0x080235e8   0x00000000   Code   RO         4327    .text               mc_w.l(iusefp.o)
    0x080235e8   0x000000be   Code   RO         4328    .text               mf_w.l(depilogue.o)
    0x080236a6   0x0000002e   Code   RO         4330    .text               mf_w.l(dscalb.o)
    0x080236d4   0x000000a2   Code   RO         4332    .text               mf_w.l(dsqrt.o)
    0x08023776   0x00000080   Code   RO         4334    .text               mf_w.l(drem.o)
    0x080237f6   0x00000030   Code   RO         4336    .text               mf_w.l(dfixul.o)
    0x08023826   0x00000002   PAD
    0x08023828   0x00000024   Code   RO         4338    .text               mc_w.l(init.o)
    0x0802384c   0x0000033c   Code   RO         4342    .text               mc_w.l(scanf_fp.o)
    0x08023b88   0x00000040   Code   RO         4346    .text               mc_w.l(_sgetc.o)
    0x08023bc8   0x00000018   Code   RO         4351    .text               mf_w.l(dfltul.o)
    0x08023be0   0x00000038   Code   RO         4353    .text               mf_w.l(d2f.o)
    0x08023c18   0x0000006c   Code   RO         4355    .text               mf_w.l(fepilogue.o)
    0x08023c84   0x00000060   Code   RO         4365    .text               mc_w.l(__dclz77c.o)
    0x08023ce4   0x00000020   Code   RO         4184    i.__0printf         mc_w.l(printfa.o)
    0x08023d04   0x00000028   Code   RO         4186    i.__0sprintf        mc_w.l(printfa.o)
    0x08023d2c   0x00000024   Code   RO         4190    i.__0vsprintf       mc_w.l(printfa.o)
    0x08023d50   0x00000030   Code   RO         4278    i.__ARM_fpclassify  m_wm.l(fpclassify.o)
    0x08023d80   0x00000008   Code   RO         4240    i.__aeabi_errno_addr  mc_w.l(errno.o)
    0x08023d88   0x00000350   Code   RO         3661    i.__hardfp_acos     m_wm.l(acos.o)
    0x080240d8   0x00000370   Code   RO         3675    i.__hardfp_asin     m_wm.l(asin.o)
    0x08024448   0x000002e8   Code   RO         3689    i.__hardfp_atan     m_wm.l(atan.o)
    0x08024730   0x00000038   Code   RO         3703    i.__hardfp_atof     m_wm.l(atof.o)
    0x08024768   0x00000118   Code   RO         3709    i.__hardfp_ceil     m_wm.l(ceil.o)
    0x08024880   0x000000d8   Code   RO         3715    i.__hardfp_cos      m_wm.l(cos.o)
    0x08024958   0x000001b0   Code   RO         3727    i.__hardfp_cosh     m_wm.l(cosh.o)
    0x08024b08   0x00000418   Code   RO         3742    i.__hardfp_erfc     m_wm.l(erf.o)
    0x08024f20   0x00000368   Code   RO         3767    i.__hardfp_exp      m_wm.l(exp.o)
    0x08025288   0x00000014   Code   RO         3781    i.__hardfp_fabs     m_wm.l(fabs.o)
    0x0802529c   0x00000004   PAD
    0x080252a0   0x00000118   Code   RO         3787    i.__hardfp_floor    m_wm.l(floor.o)
    0x080253b8   0x00000128   Code   RO         3793    i.__hardfp_fmod     m_wm.l(fmod.o)
    0x080254e0   0x000003e4   Code   RO         3805    i.__hardfp_log      m_wm.l(log.o)
    0x080258c4   0x00000004   PAD
    0x080258c8   0x00000c90   Code   RO         3819    i.__hardfp_pow      m_wm.l(pow.o)
    0x08026558   0x000000d8   Code   RO         3833    i.__hardfp_sin      m_wm.l(sin.o)
    0x08026630   0x00000200   Code   RO         3845    i.__hardfp_sinh     m_wm.l(sinh.o)
    0x08026830   0x0000007a   Code   RO         3859    i.__hardfp_sqrt     m_wm.l(sqrt.o)
    0x080268aa   0x00000006   PAD
    0x080268b0   0x000000a0   Code   RO         3871    i.__hardfp_tan      m_wm.l(tan.o)
    0x08026950   0x00000158   Code   RO         3883    i.__hardfp_tanh     m_wm.l(tanh.o)
    0x08026aa8   0x00000458   Code   RO         4283    i.__ieee754_rem_pio2  m_wm.l(rred.o)
    0x08026f00   0x00000170   Code   RO         4267    i.__kernel_cos      m_wm.l(cos_i.o)
    0x08027070   0x000000f8   Code   RO         4280    i.__kernel_poly     m_wm.l(poly.o)
    0x08027168   0x00000130   Code   RO         4288    i.__kernel_sin      m_wm.l(sin_i.o)
    0x08027298   0x00000358   Code   RO         4294    i.__kernel_tan      m_wm.l(tan_i.o)
    0x080275f0   0x00000020   Code   RO         4270    i.__mathlib_dbl_underflow  m_wm.l(dunder.o)
    0x08027610   0x00000508   Code   RO         4272    i.__mathlib_expm1   m_wm.l(expm1_i.o)
    0x08027b18   0x0000000c   Code   RO         4241    i.__read_errno      mc_w.l(errno.o)
    0x08027b24   0x0000000e   Code   RO         4359    i.__scatterload_copy  mc_w.l(handlers.o)
    0x08027b32   0x00000002   Code   RO         4360    i.__scatterload_null  mc_w.l(handlers.o)
    0x08027b34   0x0000000e   Code   RO         4361    i.__scatterload_zeroinit  mc_w.l(handlers.o)
    0x08027b42   0x00000002   PAD
    0x08027b44   0x0000000c   Code   RO         4242    i.__set_errno       mc_w.l(errno.o)
    0x08027b50   0x0000015c   Code   RO         4191    i._fp_digits        mc_w.l(printfa.o)
    0x08027cac   0x0000000e   Code   RO         4344    i._is_digit         mc_w.l(scanf_fp.o)
    0x08027cba   0x00000002   PAD
    0x08027cbc   0x000006f0   Code   RO         4192    i._printf_core      mc_w.l(printfa.o)
    0x080283ac   0x00000026   Code   RO         4193    i._printf_post_padding  mc_w.l(printfa.o)
    0x080283d2   0x00000030   Code   RO         4194    i._printf_pre_padding  mc_w.l(printfa.o)
    0x08028402   0x0000000a   Code   RO         4196    i._sputc            mc_w.l(printfa.o)
    0x0802840c   0x00000010   Code   RO         3769    i.exp               m_wm.l(exp.o)
    0x0802841c   0x00000020   Code   RO         3783    i.fabs              m_wm.l(fabs.o)
    0x0802843c   0x00000050   Code   RO         4212    i.free              mc_w.l(malloc.o)
    0x0802848c   0x00000018   Code   RO         2248    i.isdigit           scan.o
    0x080284a4   0x0000006c   Code   RO         4213    i.malloc            mc_w.l(malloc.o)
    0x08028510   0x0000006e   Code   RO         3861    i.sqrt              m_wm.l(sqrt.o)
    0x0802857e   0x00000002   PAD
    0x08028580   0x00000046   Data   RO         2496    .constdata          test.o
    0x080285c6   0x00000180   Data   RO         3614    .constdata          stn.o
    0x08028746   0x00000300   Data   RO         3615    .constdata          stn.o
    0x08028a46   0x00000300   Data   RO         3616    .constdata          stn.o
    0x08028d46   0x00000002   PAD
    0x08028d48   0x00000050   Data   RO         3664    .constdata          m_wm.l(acos.o)
    0x08028d98   0x00000050   Data   RO         3678    .constdata          m_wm.l(asin.o)
    0x08028de8   0x00000098   Data   RO         3692    .constdata          m_wm.l(atan.o)
    0x08028e80   0x00000008   Data   RO         3730    .constdata          m_wm.l(cosh.o)
    0x08028e88   0x000001a8   Data   RO         3747    .constdata          m_wm.l(erf.o)
    0x08029030   0x00000058   Data   RO         3770    .constdata          m_wm.l(exp.o)
    0x08029088   0x00000038   Data   RO         3808    .constdata          m_wm.l(log.o)
    0x080290c0   0x00000088   Data   RO         3822    .constdata          m_wm.l(pow.o)
    0x08029148   0x00000008   Data   RO         3848    .constdata          m_wm.l(sinh.o)
    0x08029150   0x00000081   Data   RO         3901    .constdata          mc_w.l(ctype_o.o)
    0x080291d1   0x00000003   PAD
    0x080291d4   0x00000004   Data   RO         3902    .constdata          mc_w.l(ctype_o.o)
    0x080291d8   0x00000030   Data   RO         4268    .constdata          m_wm.l(cos_i.o)
    0x08029208   0x00000028   Data   RO         4273    .constdata          m_wm.l(expm1_i.o)
    0x08029230   0x00000008   Data   RO         4282    .constdata          m_wm.l(qnan.o)
    0x08029238   0x000000c8   Data   RO         4285    .constdata          m_wm.l(rred.o)
    0x08029300   0x00000028   Data   RO         4289    .constdata          m_wm.l(sin_i.o)
    0x08029328   0x00000060   Data   RO         4295    .constdata          m_wm.l(tan_i.o)
    0x08029388   0x00000123   Data   RO          297    .conststring        abs.o
    0x080294ab   0x000000c8   Data   RO          355    .conststring        adj.o
    0x08029573   0x000000f6   Data   RO          401    .conststring        arccos.o
    0x08029669   0x00000029   Data   RO          417    .conststring        arccosh.o
    0x08029692   0x0000010e   Data   RO          433    .conststring        arcsin.o
    0x080297a0   0x00000029   Data   RO          449    .conststring        arcsinh.o
    0x080297c9   0x00000083   Data   RO          465    .conststring        arctan.o
    0x0802984c   0x00000029   Data   RO          481    .conststring        arctanh.o
    0x08029875   0x00000104   Data   RO          497    .conststring        arg.o
    0x08029979   0x00000021   Data   RO          526    .conststring        bake.o
    0x0802999a   0x00000078   Data   RO          564    .conststring        binomial.o
    0x08029a12   0x00000157   Data   RO          582    .conststring        ceiling.o
    0x08029b69   0x00000053   Data   RO          599    .conststring        choose.o
    0x08029bbc   0x000001b2   Data   RO          615    .conststring        circexp.o
    0x08029d6e   0x00000046   Data   RO          644    .conststring        clock.o
    0x08029db4   0x000000f0   Data   RO          660    .conststring        coeff.o
    0x08029ea4   0x0000009b   Data   RO          676    .conststring        cofactor.o
    0x08029f3f   0x00000174   Data   RO          692    .conststring        condense.o
    0x0802a0b3   0x000000f7   Data   RO          736    .conststring        contract.o
    0x0802a1aa   0x00000366   Data   RO          753    .conststring        cos.o
    0x0802a510   0x00000019   Data   RO          769    .conststring        cosh.o
    0x0802a529   0x0000012b   Data   RO          879    .conststring        defint.o
    0x0802a654   0x0000007c   Data   RO          908    .conststring        denominator.o
    0x0802a6d0   0x00000431   Data   RO          924    .conststring        derivative.o
    0x0802ab01   0x0000000a   Data   RO          953    .conststring        dirac.o
    0x0802ab0b   0x000000bf   Data   RO          984    .conststring        divisors.o
    0x0802abca   0x0000026e   Data   RO         1026    .conststring        eigen.o
    0x0802ae38   0x00000026   Data   RO         1073    .conststring        erf.o
    0x0802ae5e   0x00000021   Data   RO         1090    .conststring        erfc.o
    0x0802ae7f   0x00000216   Data   RO         1120    .conststring        expand.o
    0x0802b095   0x0000000a   Data   RO         1136    .conststring        expcos.o
    0x0802b09f   0x0000020c   Data   RO         1168    .conststring        factor.o
    0x0802b2ab   0x00000c39   Data   RO         1197    .conststring        factorpoly.o
    0x0802bee4   0x00000057   Data   RO         1253    .conststring        float.o
    0x0802bf3b   0x00000124   Data   RO         1269    .conststring        floor.o
    0x0802c05f   0x00000073   Data   RO         1299    .conststring        gamma.o
    0x0802c0d2   0x00000261   Data   RO         1316    .conststring        gcd.o
    0x0802c333   0x000001ed   Data   RO         1346    .conststring        hermite.o
    0x0802c520   0x0000004e   Data   RO         1397    .conststring        imag.o
    0x0802c56e   0x000000c1   Data   RO         1413    .conststring        index.o
    0x0802c62f   0x00000127   Data   RO         1429    .conststring        init.o
    0x0802c756   0x00000110   Data   RO         1446    .conststring        inner.o
    0x0802c866   0x0000007e   Data   RO         1503    .conststring        isprime.o
    0x0802c8e4   0x00002560   Data   RO         1517    .conststring        itab.o
    0x0802ee44   0x00002b45   Data   RO         1529    .conststring        itest.o
    0x08031989   0x0000016e   Data   RO         1545    .conststring        laguerre.o
    0x08031af7   0x0000002a   Data   RO         1577    .conststring        lcm.o
    0x08031b21   0x00000500   Data   RO         1607    .conststring        legendre.o
    0x08032021   0x000000c5   Data   RO         1637    .conststring        log.o
    0x080320e6   0x00000105   Data   RO         1668    .conststring        mag.o
    0x080321eb   0x00000646   Data   RO         1716    .conststring        mini-test.o
    0x08032831   0x0000012d   Data   RO         1772    .conststring        mod.o
    0x0803295e   0x000000b2   Data   RO         1861    .conststring        multiply.o
    0x08032a10   0x00000069   Data   RO         1880    .conststring        nroots.o
    0x08032a79   0x0000004d   Data   RO         1896    .conststring        numerator.o
    0x08032ac6   0x000000da   Data   RO         1912    .conststring        outer.o
    0x08032ba0   0x000000e4   Data   RO         1941    .conststring        polar.o
    0x08032c84   0x000004a2   Data   RO         1972    .conststring        power.o
    0x08033126   0x00000002   Data   RO         2011    .conststring        print.o
    0x08033128   0x0000004b   Data   RO         2123    .conststring        quotient.o
    0x08033173   0x000000df   Data   RO         2139    .conststring        rationalize.o
    0x08033252   0x0000003d   Data   RO         2156    .conststring        real.o
    0x0803328f   0x0000009e   Data   RO         2172    .conststring        rect.o
    0x0803332d   0x000001ee   Data   RO         2201    .conststring        roots.o
    0x0803351b   0x000000cd   Data   RO         2237    .conststring        scan.o
    0x080335e8   0x00001981   Data   RO         2273    .conststring        selftest.o
    0x08034f69   0x00000016   Data   RO         2291    .conststring        sgn.o
    0x08034f7f   0x000003e7   Data   RO         2321    .conststring        simplify.o
    0x08035366   0x0000030e   Data   RO         2338    .conststring        sin.o
    0x08035674   0x00000011   Data   RO         2354    .conststring        sinh.o
    0x08035685   0x000001c3   Data   RO         2431    .conststring        tan.o
    0x08035848   0x00000019   Data   RO         2448    .conststring        tanh.o
    0x08035861   0x00000088   Data   RO         2464    .conststring        taylor.o
    0x080358e9   0x00000069   Data   RO         2480    .conststring        tensor.o
    0x08035952   0x000000d0   Data   RO         2497    .conststring        test.o
    0x08035a22   0x000000dd   Data   RO         2526    .conststring        transpose.o
    0x08035aff   0x00000014   Data   RO         2608    .conststring        zero.o
    0x08035b13   0x00000001   PAD
    0x08035b14   0x00000020   Data   RO         4357    Region$$Table       anon$$obj.o


    Execution Region ER_RW (Base: 0x20000000, Size: 0x0000d170, Max: 0xffffffff, ABSOLUTE, COMPRESSED[0x00009338])

    Base Addr    Size         Type   Attr      Idx    E Section Name        Object

    0x20000000   0x00000014   Data   RW            3    .data               system_stm32f4xx.o
    0x20000014   0x00000090   Data   RW          298    .data               abs.o
    0x200000a4   0x00000004   Data   RW          333    .data               add.o
    0x200000a8   0x00000018   Data   RW          356    .data               adj.o
    0x200000c0   0x0000000c   Data   RW          372    .data               alloc.o
    0x200000cc   0x00000078   Data   RW          402    .data               arccos.o
    0x20000144   0x00000018   Data   RW          418    .data               arccosh.o
    0x2000015c   0x00000078   Data   RW          434    .data               arcsin.o
    0x200001d4   0x00000018   Data   RW          450    .data               arcsinh.o
    0x200001ec   0x00000050   Data   RW          466    .data               arctan.o
    0x2000023c   0x00000018   Data   RW          482    .data               arctanh.o
    0x20000254   0x00000080   Data   RW          498    .data               arg.o
    0x200002d4   0x00000010   Data   RW          527    .data               bake.o
    0x200002e4   0x00000088   Data   RW          543    .data               bignum.o
    0x2000036c   0x00000030   Data   RW          565    .data               binomial.o
    0x2000039c   0x000000c0   Data   RW          583    .data               ceiling.o
    0x2000045c   0x00000030   Data   RW          600    .data               choose.o
    0x2000048c   0x00000040   Data   RW          616    .data               circexp.o
    0x200004cc   0x00000018   Data   RW          645    .data               clock.o
    0x200004e4   0x00000040   Data   RW          661    .data               coeff.o
    0x20000524   0x00000028   Data   RW          677    .data               cofactor.o
    0x2000054c   0x00000030   Data   RW          693    .data               condense.o
    0x2000057c   0x00000048   Data   RW          737    .data               contract.o
    0x200005c4   0x000001d8   Data   RW          754    .data               cos.o
    0x2000079c   0x00000018   Data   RW          770    .data               cosh.o
    0x200007b4   0x00000004   Data   RW          788    .data               data.o
    0x200007b8   0x00000004   Data   RW          789    .data               data.o
    0x200007bc   0x00000004   Data   RW          790    .data               data.o
    0x200007c0   0x00000004   Data   RW          791    .data               data.o
    0x200007c4   0x00000004   Data   RW          792    .data               data.o
    0x200007c8   0x00000004   Data   RW          793    .data               data.o
    0x200007cc   0x00000004   Data   RW          794    .data               data.o
    0x200007d0   0x00000004   Data   RW          795    .data               data.o
    0x200007d4   0x00000004   Data   RW          796    .data               data.o
    0x200007d8   0x00000004   Data   RW          797    .data               data.o
    0x200007dc   0x00000004   Data   RW          798    .data               data.o
    0x200007e0   0x00000004   Data   RW          799    .data               data.o
    0x200007e4   0x00000004   Data   RW          800    .data               data.o
    0x200007e8   0x00000004   Data   RW          801    .data               data.o
    0x200007ec   0x00000004   Data   RW          802    .data               data.o
    0x200007f0   0x00000004   Data   RW          803    .data               data.o
    0x200007f4   0x00000004   Data   RW          804    .data               data.o
    0x200007f8   0x00000004   Data   RW          805    .data               data.o
    0x200007fc   0x00000004   Data   RW          806    .data               data.o
    0x20000800   0x00000004   Data   RW          807    .data               data.o
    0x20000804   0x00000018   Data   RW          824    .data               dconsole.o
    0x2000081c   0x00000078   Data   RW          880    .data               defint.o
    0x20000894   0x00000030   Data   RW          909    .data               denominator.o
    0x200008c4   0x000001c8   Data   RW          925    .data               derivative.o
    0x20000a8c   0x00000008   Data   RW          954    .data               dirac.o
    0x20000a94   0x00000040   Data   RW          985    .data               divisors.o
    0x20000ad4   0x0000009c   Data   RW         1027    .data               eigen.o
    0x20000b70   0x0000000c   Data   RW         1044    .data               emain.o
    0x20000b7c   0x00000018   Data   RW         1074    .data               erf.o
    0x20000b94   0x00000018   Data   RW         1091    .data               erfc.o
    0x20000bac   0x00000090   Data   RW         1121    .data               expand.o
    0x20000c3c   0x00000008   Data   RW         1137    .data               expcos.o
    0x20000c44   0x00000008   Data   RW         1153    .data               expsin.o
    0x20000c4c   0x000000b8   Data   RW         1169    .data               factor.o
    0x20000d04   0x000002c8   Data   RW         1198    .data               factorpoly.o
    0x20000fcc   0x00000040   Data   RW         1254    .data               float.o
    0x2000100c   0x000000c0   Data   RW         1270    .data               floor.o
    0x200010cc   0x00000028   Data   RW         1300    .data               gamma.o
    0x200010f4   0x00000120   Data   RW         1317    .data               gcd.o
    0x20001214   0x00000068   Data   RW         1347    .data               hermite.o
    0x2000127c   0x0000000c   Data   RW         1376    .data               history.o
    0x20001288   0x00000028   Data   RW         1398    .data               imag.o
    0x200012b0   0x00000070   Data   RW         1414    .data               index.o
    0x20001320   0x00000038   Data   RW         1430    .data               init.o
    0x20001358   0x00000040   Data   RW         1447    .data               inner.o
    0x20001398   0x00000040   Data   RW         1504    .data               isprime.o
    0x200013d8   0x00000288   Data   RW         1518    .data               itab.o
    0x20001660   0x000007f8   Data   RW         1530    .data               itest.o
    0x20001e58   0x00000058   Data   RW         1546    .data               laguerre.o
    0x20001eb0   0x00000018   Data   RW         1578    .data               lcm.o
    0x20001ec8   0x00000120   Data   RW         1608    .data               legendre.o
    0x20001fe8   0x00000070   Data   RW         1638    .data               log.o
    0x20002058   0x00000070   Data   RW         1669    .data               mag.o
    0x200020c8   0x00000230   Data   RW         1717    .data               mini-test.o
    0x200022f8   0x00000070   Data   RW         1773    .data               mod.o
    0x20002368   0x00000008   Data   RW         1846    .data               mstr.o
    0x20002370   0x00000088   Data   RW         1863    .data               multiply.o
    0x200023f8   0x00000018   Data   RW         1881    .data               nroots.o
    0x20002410   0x00000028   Data   RW         1897    .data               numerator.o
    0x20002438   0x00000050   Data   RW         1913    .data               outer.o
    0x20002488   0x00000040   Data   RW         1942    .data               polar.o
    0x200024c8   0x00000004   Data   RW         1957    .data               pollard.o
    0x200024cc   0x00000218   Data   RW         1973    .data               power.o
    0x200026e4   0x00009c40   Data   RW         2000    .data               primetab.o
    0x2000c324   0x0000000c   Data   RW         2012    .data               print.o
    0x2000c330   0x00000010   Data   RW         2124    .data               quotient.o
    0x2000c340   0x00000020   Data   RW         2140    .data               rationalize.o
    0x2000c360   0x00000020   Data   RW         2157    .data               real.o
    0x2000c380   0x00000030   Data   RW         2173    .data               rect.o
    0x2000c3b0   0x000000b0   Data   RW         2202    .data               roots.o
    0x2000c460   0x0000005c   Data   RW         2238    .data               scan.o
    0x2000c4bc   0x00000658   Data   RW         2274    .data               selftest.o
    0x2000cb14   0x00000018   Data   RW         2292    .data               sgn.o
    0x2000cb2c   0x00000108   Data   RW         2322    .data               simplify.o
    0x2000cc34   0x000001d8   Data   RW         2339    .data               sin.o
    0x2000ce0c   0x00000018   Data   RW         2355    .data               sinh.o
    0x2000ce24   0x00000008   Data   RW         2372    .data               stack.o
    0x2000ce2c   0x00000120   Data   RW         2432    .data               tan.o
    0x2000cf4c   0x00000018   Data   RW         2449    .data               tanh.o
    0x2000cf64   0x00000010   Data   RW         2465    .data               taylor.o
    0x2000cf74   0x0000004c   Data   RW         2481    .data               tensor.o
    0x2000cfc0   0x000000e8   Data   RW         2498    .data               test.o
    0x2000d0a8   0x00000038   Data   RW         2527    .data               transpose.o
    0x2000d0e0   0x00000010   Data   RW         2609    .data               zero.o
    0x2000d0f0   0x00000008   Data   RW         2683    .data               ff.o
    0x2000d0f8   0x00000010   Data   RW         3188    .data               stm32f4xx_rcc.o
    0x2000d108   0x00000008   Data   RW         3355    .data               g2048.o
    0x2000d110   0x00000002   Data   RW         3385    .data               key.o
    0x2000d112   0x00000002   PAD
    0x2000d114   0x00000010   Data   RW         3409    .data               main.o
    0x2000d124   0x00000001   Data   RW         3411    .data               main.o
    0x2000d125   0x00000003   PAD
    0x2000d128   0x0000000c   Data   RW         3517    .data               sd_fs_app.o
    0x2000d134   0x00000018   Data   RW         3543    .data               sdcard.o
    0x2000d14c   0x00000004   Data   RW         3583    .data               stm32f4xx_it.o
    0x2000d150   0x0000000c   Data   RW         3618    .data               stn.o
    0x2000d15c   0x00000004   Data   RW         3931    .data               mc_w.l(rand.o)
    0x2000d160   0x00000004   Data   RW         4243    .data               mc_w.l(errno.o)
    0x2000d164   0x00000004   Data   RW         4314    .data               mc_w.l(stdout.o)
    0x2000d168   0x00000004   Data   RW         4323    .data               mc_w.l(mvars.o)
    0x2000d16c   0x00000004   Data   RW         4324    .data               mc_w.l(mvars.o)


    Execution Region ER_ZI (Base: 0x2000d170, Size: 0x0000af28, Max: 0xffffffff, ABSOLUTE)

    Base Addr    Size         Type   Attr      Idx    E Section Name        Object

    0x2000d170   0x00000190   Zero   RW          371    .bss                alloc.o
    0x2000d300   0x00000884   Zero   RW          542    .bss                bignum.o
    0x2000db84   0x00000004   PAD
    0x2000db88   0x00003e80   Zero   RW          784    .bss                data.o
    0x20011a08   0x00000fa0   Zero   RW          785    .bss                data.o
    0x200129a8   0x00000fa0   Zero   RW          786    .bss                data.o
    0x20013948   0x000001f4   Zero   RW          787    .bss                data.o
    0x20013b3c   0x00000110   Zero   RW          823    .bss                dconsole.o
    0x20013c4c   0x000007d1   Zero   RW         1043    .bss                emain.o
    0x2001441d   0x00000003   PAD
    0x20014420   0x0000002c   Zero   RW         1375    .bss                history.o
    0x2001444c   0x00000004   PAD
    0x20014450   0x000006d0   Zero   RW         1879    .bss                nroots.o
    0x20014b20   0x00000300   Zero   RW         2217    .bss                run.o
    0x20014e20   0x00000180   Zero   RW         2272    .bss                selftest.o
    0x20014fa0   0x00000fa0   Zero   RW         2371    .bss                stack.o
    0x20015f40   0x00000054   Zero   RW         3354    .bss                g2048.o
    0x20015f94   0x0000103c   Zero   RW         3454    .bss                pccon.o
    0x20016fd0   0x00000884   Zero   RW         3513    .bss                sd_fs_app.o
    0x20017854   0x000000c4   Zero   RW         3542    .bss                sdcard.o
    0x20017918   0x00000180   Zero   RW         3613    .bss                stn.o
    0x20017a98   0x00000200   Zero   RW         2710    HEAP                startup_stm32f4xx.o
    0x20017c98   0x00000400   Zero   RW         2709    STACK               startup_stm32f4xx.o

